// Jest Snapshot v1, https://goo.gl/fbAQLP

exports[`renders homepage unchanged 1`] = `
<div>
  <div
    class="container"
  >
    <div
      class="input__group__container"
      style="display: flex;"
    >
      <div
        style="display: flex; align-items: center;"
      >
        <input
          aria-label="Please enter verification code. Character 1"
          autocomplete="off"
          class="input__group__item  "
          maxlength="1"
          style="width: 1em; text-align: center;"
          type="text"
          value=""
        />
      </div>
      <div
        style="display: flex; align-items: center;"
      >
        <input
          aria-label="Character 2"
          autocomplete="off"
          class="input__group__item "
          maxlength="1"
          style="width: 1em; text-align: center;"
          type="text"
          value=""
        />
      </div>
      <div
        style="display: flex; align-items: center;"
      >
        <input
          aria-label="Character 3"
          autocomplete="off"
          class="input__group__item "
          maxlength="1"
          style="width: 1em; text-align: center;"
          type="text"
          value=""
        />
      </div>
      <div
        style="display: flex; align-items: center;"
      >
        <input
          aria-label="Character 4"
          autocomplete="off"
          class="input__group__item "
          maxlength="1"
          style="width: 1em; text-align: center;"
          type="text"
          value=""
        />
      </div>
      <div
        style="display: flex; align-items: center;"
      >
        <input
          aria-label="Character 5"
          autocomplete="off"
          class="input__group__item "
          maxlength="1"
          style="width: 1em; text-align: center;"
          type="text"
          value=""
        />
      </div>
    </div>
    <div
      class="input__group__container"
      style="display: flex;"
    >
      <div
        style="display: flex; align-items: center;"
      >
        <input
          aria-label="Please enter verification code. Character 1"
          autocomplete="off"
          class="input__group__item  "
          maxlength="1"
          style="width: 1em; text-align: center;"
          type="text"
          value=""
        />
      </div>
      <div
        style="display: flex; align-items: center;"
      >
        <input
          aria-label="Character 2"
          autocomplete="off"
          class="input__group__item "
          maxlength="1"
          style="width: 1em; text-align: center;"
          type="text"
          value=""
        />
      </div>
      <div
        style="display: flex; align-items: center;"
      >
        <input
          aria-label="Character 3"
          autocomplete="off"
          class="input__group__item "
          maxlength="1"
          style="width: 1em; text-align: center;"
          type="text"
          value=""
        />
      </div>
      <div
        style="display: flex; align-items: center;"
      >
        <input
          aria-label="Character 4"
          autocomplete="off"
          class="input__group__item "
          maxlength="1"
          style="width: 1em; text-align: center;"
          type="text"
          value=""
        />
      </div>
      <div
        style="display: flex; align-items: center;"
      >
        <input
          aria-label="Character 5"
          autocomplete="off"
          class="input__group__item "
          maxlength="1"
          style="width: 1em; text-align: center;"
          type="text"
          value=""
        />
      </div>
    </div>
    <div
      class="input__group__container"
      style="display: flex;"
    >
      <div
        style="display: flex; align-items: center;"
      >
        <input
          aria-label="Please enter verification code. Character 1"
          autocomplete="off"
          class="input__group__item  "
          maxlength="1"
          style="width: 1em; text-align: center;"
          type="text"
          value=""
        />
      </div>
      <div
        style="display: flex; align-items: center;"
      >
        <input
          aria-label="Character 2"
          autocomplete="off"
          class="input__group__item "
          maxlength="1"
          style="width: 1em; text-align: center;"
          type="text"
          value=""
        />
      </div>
      <div
        style="display: flex; align-items: center;"
      >
        <input
          aria-label="Character 3"
          autocomplete="off"
          class="input__group__item "
          maxlength="1"
          style="width: 1em; text-align: center;"
          type="text"
          value=""
        />
      </div>
      <div
        style="display: flex; align-items: center;"
      >
        <input
          aria-label="Character 4"
          autocomplete="off"
          class="input__group__item "
          maxlength="1"
          style="width: 1em; text-align: center;"
          type="text"
          value=""
        />
      </div>
      <div
        style="display: flex; align-items: center;"
      >
        <input
          aria-label="Character 5"
          autocomplete="off"
          class="input__group__item "
          maxlength="1"
          style="width: 1em; text-align: center;"
          type="text"
          value=""
        />
      </div>
    </div>
    <div
      class="input__group__container"
      style="display: flex;"
    >
      <div
        style="display: flex; align-items: center;"
      >
        <input
          aria-label="Please enter verification code. Character 1"
          autocomplete="off"
          class="input__group__item  "
          maxlength="1"
          style="width: 1em; text-align: center;"
          type="text"
          value=""
        />
      </div>
      <div
        style="display: flex; align-items: center;"
      >
        <input
          aria-label="Character 2"
          autocomplete="off"
          class="input__group__item "
          maxlength="1"
          style="width: 1em; text-align: center;"
          type="text"
          value=""
        />
      </div>
      <div
        style="display: flex; align-items: center;"
      >
        <input
          aria-label="Character 3"
          autocomplete="off"
          class="input__group__item "
          maxlength="1"
          style="width: 1em; text-align: center;"
          type="text"
          value=""
        />
      </div>
      <div
        style="display: flex; align-items: center;"
      >
        <input
          aria-label="Character 4"
          autocomplete="off"
          class="input__group__item "
          maxlength="1"
          style="width: 1em; text-align: center;"
          type="text"
          value=""
        />
      </div>
      <div
        style="display: flex; align-items: center;"
      >
        <input
          aria-label="Character 5"
          autocomplete="off"
          class="input__group__item "
          maxlength="1"
          style="width: 1em; text-align: center;"
          type="text"
          value=""
        />
      </div>
    </div>
    <div
      class="input__group__container"
      style="display: flex;"
    >
      <div
        style="display: flex; align-items: center;"
      >
        <input
          aria-label="Please enter verification code. Character 1"
          autocomplete="off"
          class="input__group__item  "
          maxlength="1"
          style="width: 1em; text-align: center;"
          type="text"
          value=""
        />
      </div>
      <div
        style="display: flex; align-items: center;"
      >
        <input
          aria-label="Character 2"
          autocomplete="off"
          class="input__group__item "
          maxlength="1"
          style="width: 1em; text-align: center;"
          type="text"
          value=""
        />
      </div>
      <div
        style="display: flex; align-items: center;"
      >
        <input
          aria-label="Character 3"
          autocomplete="off"
          class="input__group__item "
          maxlength="1"
          style="width: 1em; text-align: center;"
          type="text"
          value=""
        />
      </div>
      <div
        style="display: flex; align-items: center;"
      >
        <input
          aria-label="Character 4"
          autocomplete="off"
          class="input__group__item "
          maxlength="1"
          style="width: 1em; text-align: center;"
          type="text"
          value=""
        />
      </div>
      <div
        style="display: flex; align-items: center;"
      >
        <input
          aria-label="Character 5"
          autocomplete="off"
          class="input__group__item "
          maxlength="1"
          style="width: 1em; text-align: center;"
          type="text"
          value=""
        />
      </div>
    </div>
  </div>
</div>
`;
